MemTotal:        2020728 kB
MemFree:          236768 kB
MemAvailable:     829496 kB
Buffers:           15192 kB
Cached:           798136 kB
SwapCached:        13416 kB
Active:           833932 kB
Inactive:         384212 kB
Active(anon):     378908 kB
Inactive(anon):    54132 kB
Active(file):     455024 kB
Inactive(file):   330080 kB
Unevictable:        4232 kB
Mlocked:            4232 kB
SwapTotal:       1515540 kB
SwapFree:         870052 kB
Dirty:             11036 kB
Writeback:             0 kB
AnonPages:        402240 kB
Mapped:           483200 kB
Shmem:             25060 kB
KReclaimable:      45472 kB
Slab:             180024 kB
SReclaimable:      45472 kB
SUnreclaim:       134552 kB
KernelStack:       35024 kB
PageTables:        64432 kB
SecPageTables:         0 kB
NFS_Unstable:          0 kB
Bounce:                0 kB
WritebackTmp:          0 kB
CommitLimit:     2525904 kB
Committed_AS:   102912520 kB
VmallocTotal:   34359738367 kB
VmallocUsed:       56448 kB
VmallocChunk:          0 kB
Percpu:             9280 kB
AnonHugePages:         0 kB
ShmemHugePages:        0 kB
ShmemPmdMapped:        0 kB
FileHugePages:         0 kB
FilePmdMapped:         0 kB
CmaTotal:              0 kB
CmaFree:               0 kB
DirectMap4k:       61264 kB
DirectMap2M:     2035712 kB
