MemTotal:        2020728 kB
MemFree:          191536 kB
MemAvailable:     788908 kB
Buffers:            9336 kB
Cached:           807184 kB
SwapCached:        15208 kB
Active:           876828 kB
Inactive:         415572 kB
Active(anon):     396576 kB
Inactive(anon):   105556 kB
Active(file):     480252 kB
Inactive(file):   310016 kB
Unevictable:        4232 kB
Mlocked:            4232 kB
SwapTotal:       1515540 kB
SwapFree:         993224 kB
Dirty:             11424 kB
Writeback:            40 kB
AnonPages:        471688 kB
Mapped:           561272 kB
Shmem:             23088 kB
KReclaimable:      44432 kB
Slab:             177984 kB
SReclaimable:      44432 kB
SUnreclaim:       133552 kB
KernelStack:       33776 kB
PageTables:        63140 kB
SecPageTables:         0 kB
NFS_Unstable:          0 kB
Bounce:                0 kB
WritebackTmp:          0 kB
CommitLimit:     2525904 kB
Committed_AS:   100066516 kB
VmallocTotal:   34359738367 kB
VmallocUsed:       55180 kB
VmallocChunk:          0 kB
Percpu:             9280 kB
AnonHugePages:         0 kB
ShmemHugePages:        0 kB
ShmemPmdMapped:        0 kB
FileHugePages:         0 kB
FilePmdMapped:         0 kB
CmaTotal:              0 kB
CmaFree:               0 kB
DirectMap4k:       61264 kB
DirectMap2M:     2035712 kB
