MemTotal:        2020728 kB
MemFree:          236392 kB
MemAvailable:     814540 kB
Buffers:           15428 kB
Cached:           779384 kB
SwapCached:        14816 kB
Active:           948976 kB
Inactive:         315740 kB
Active(anon):     456816 kB
Inactive(anon):    36996 kB
Active(file):     492160 kB
Inactive(file):   278744 kB
Unevictable:        4232 kB
Mlocked:            4232 kB
SwapTotal:       1515540 kB
SwapFree:        1005076 kB
Dirty:             10780 kB
Writeback:             0 kB
AnonPages:        466388 kB
Mapped:           452780 kB
Shmem:             20720 kB
KReclaimable:      44712 kB
Slab:             176904 kB
SReclaimable:      44712 kB
SUnreclaim:       132192 kB
KernelStack:       33328 kB
PageTables:        61688 kB
SecPageTables:         0 kB
NFS_Unstable:          0 kB
Bounce:                0 kB
WritebackTmp:          0 kB
CommitLimit:     2525904 kB
Committed_AS:   97999468 kB
VmallocTotal:   34359738367 kB
VmallocUsed:       54792 kB
VmallocChunk:          0 kB
Percpu:             9280 kB
AnonHugePages:         0 kB
ShmemHugePages:        0 kB
ShmemPmdMapped:        0 kB
FileHugePages:         0 kB
FilePmdMapped:         0 kB
CmaTotal:              0 kB
CmaFree:               0 kB
DirectMap4k:       61264 kB
DirectMap2M:     2035712 kB
