MemTotal:        2020728 kB
MemFree:          208752 kB
MemAvailable:     842420 kB
Buffers:           19488 kB
Cached:           830864 kB
SwapCached:        14812 kB
Active:           742688 kB
Inactive:         560992 kB
Active(anon):     363372 kB
Inactive(anon):   113956 kB
Active(file):     379316 kB
Inactive(file):   447036 kB
Unevictable:        4232 kB
Mlocked:            4232 kB
SwapTotal:       1515540 kB
SwapFree:         992828 kB
Dirty:             10756 kB
Writeback:             0 kB
AnonPages:        449832 kB
Mapped:           451712 kB
Shmem:             20964 kB
KReclaimable:      44856 kB
Slab:             177040 kB
SReclaimable:      44856 kB
SUnreclaim:       132184 kB
KernelStack:       33184 kB
PageTables:        62468 kB
SecPageTables:         0 kB
NFS_Unstable:          0 kB
Bounce:                0 kB
WritebackTmp:          0 kB
CommitLimit:     2525904 kB
Committed_AS:   100025864 kB
VmallocTotal:   34359738367 kB
VmallocUsed:       54620 kB
VmallocChunk:          0 kB
Percpu:             9280 kB
AnonHugePages:         0 kB
ShmemHugePages:        0 kB
ShmemPmdMapped:        0 kB
FileHugePages:         0 kB
FilePmdMapped:         0 kB
CmaTotal:              0 kB
CmaFree:               0 kB
DirectMap4k:       61264 kB
DirectMap2M:     2035712 kB
