MemTotal:        2020728 kB
MemFree:          237372 kB
MemAvailable:     845156 kB
Buffers:           15048 kB
Cached:           811536 kB
SwapCached:        13424 kB
Active:           936864 kB
Inactive:         309080 kB
Active(anon):     350584 kB
Inactive(anon):    94476 kB
Active(file):     586280 kB
Inactive(file):   214604 kB
Unevictable:        4232 kB
Mlocked:            4232 kB
SwapTotal:       1515540 kB
SwapFree:         939468 kB
Dirty:              6628 kB
Writeback:             0 kB
AnonPages:        416916 kB
Mapped:           494208 kB
Shmem:             22520 kB
KReclaimable:      44024 kB
Slab:             177132 kB
SReclaimable:      44024 kB
SUnreclaim:       133108 kB
KernelStack:       33392 kB
PageTables:        62668 kB
SecPageTables:         0 kB
NFS_Unstable:          0 kB
Bounce:                0 kB
WritebackTmp:          0 kB
CommitLimit:     2525904 kB
Committed_AS:   99325656 kB
VmallocTotal:   34359738367 kB
VmallocUsed:       54844 kB
VmallocChunk:          0 kB
Percpu:             9280 kB
AnonHugePages:         0 kB
ShmemHugePages:        0 kB
ShmemPmdMapped:        0 kB
FileHugePages:         0 kB
FilePmdMapped:         0 kB
CmaTotal:              0 kB
CmaFree:               0 kB
DirectMap4k:       61264 kB
DirectMap2M:     2035712 kB
